Archive member included to satisfy reference by file (symbol)

.\CortexM3\ARM_GCC_541\Debug\SPI_Slave.a(UART_1.o)
                              .\CortexM3\ARM_GCC_541\Debug\main.o (UART_1_Start)
.\CortexM3\ARM_GCC_541\Debug\SPI_Slave.a(isr_uart_rx.o)
                              .\CortexM3\ARM_GCC_541\Debug\main.o (isr_uart_rx_StartEx)
.\CortexM3\ARM_GCC_541\Debug\SPI_Slave.a(UART_1_IntClock.o)
                              .\CortexM3\ARM_GCC_541\Debug\SPI_Slave.a(UART_1.o) (UART_1_IntClock_Start)
.\CortexM3\ARM_GCC_541\Debug\SPI_Slave.a(CyLib.o)
                              .\CortexM3\ARM_GCC_541\Debug\Cm3Start.o (CyHalt)
.\CortexM3\ARM_GCC_541\Debug\SPI_Slave.a(cyPm.o)
                              .\CortexM3\ARM_GCC_541\Debug\SPI_Slave.a(CyLib.o) (CyPmReadStatus)
.\CortexM3\ARM_GCC_541\Debug\SPI_Slave.a(Pin_EN.o)
                              .\CortexM3\ARM_GCC_541\Debug\main.o (Pin_EN_Write)
.\CortexM3\ARM_GCC_541\Debug\SPI_Slave.a(Pin_LN1.o)
                              .\CortexM3\ARM_GCC_541\Debug\main.o (Pin_LN1_Read)
.\CortexM3\ARM_GCC_541\Debug\SPI_Slave.a(SPIS.o)
                              .\CortexM3\ARM_GCC_541\Debug\main.o (SPIS_ReadTxStatus)
.\CortexM3\ARM_GCC_541\Debug\SPI_Slave.a(CyBootAsmGnu.o)
                              .\CortexM3\ARM_GCC_541\Debug\cyfitter_cfg.o (CyDelayCycles)
.\CortexM3\ARM_GCC_541\Debug\SPI_Slave.a(CyFlash.o)
                              .\CortexM3\ARM_GCC_541\Debug\SPI_Slave.a(cyPm.o) (CyFlash_SetWaitCycles)
.\CortexM3\ARM_GCC_541\Debug\SPI_Slave.a(CySpc.o)
                              .\CortexM3\ARM_GCC_541\Debug\SPI_Slave.a(CyFlash.o) (CySpcStart)
c:/program files (x86)/cypress/psoc creator/4.2/psoc creator/import/gnu/arm/5.4.1/bin/../lib/gcc/arm-none-eabi/5.4.1/../../../../arm-none-eabi/lib/armv7-m\libg_nano.a(lib_a-errno.o)
                              .\CortexM3\ARM_GCC_541\Debug\Cm3Start.o (__errno)
c:/program files (x86)/cypress/psoc creator/4.2/psoc creator/import/gnu/arm/5.4.1/bin/../lib/gcc/arm-none-eabi/5.4.1/../../../../arm-none-eabi/lib/armv7-m\libg_nano.a(lib_a-exit.o)
                              c:/program files (x86)/cypress/psoc creator/4.2/psoc creator/import/gnu/arm/5.4.1/bin/../lib/gcc/arm-none-eabi/5.4.1/../../../../arm-none-eabi/lib/armv7-m/crt0.o (exit)
c:/program files (x86)/cypress/psoc creator/4.2/psoc creator/import/gnu/arm/5.4.1/bin/../lib/gcc/arm-none-eabi/5.4.1/../../../../arm-none-eabi/lib/armv7-m\libg_nano.a(lib_a-impure.o)
                              c:/program files (x86)/cypress/psoc creator/4.2/psoc creator/import/gnu/arm/5.4.1/bin/../lib/gcc/arm-none-eabi/5.4.1/../../../../arm-none-eabi/lib/armv7-m\libg_nano.a(lib_a-exit.o) (_global_impure_ptr)
c:/program files (x86)/cypress/psoc creator/4.2/psoc creator/import/gnu/arm/5.4.1/bin/../lib/gcc/arm-none-eabi/5.4.1/../../../../arm-none-eabi/lib/armv7-m\libg_nano.a(lib_a-init.o)
                              c:/program files (x86)/cypress/psoc creator/4.2/psoc creator/import/gnu/arm/5.4.1/bin/../lib/gcc/arm-none-eabi/5.4.1/../../../../arm-none-eabi/lib/armv7-m/crt0.o (__libc_init_array)
c:/program files (x86)/cypress/psoc creator/4.2/psoc creator/import/gnu/arm/5.4.1/bin/../lib/gcc/arm-none-eabi/5.4.1/../../../../arm-none-eabi/lib/armv7-m\libg_nano.a(lib_a-memcpy-stub.o)
                              .\CortexM3\ARM_GCC_541\Debug\cyfitter_cfg.o (memcpy)
c:/program files (x86)/cypress/psoc creator/4.2/psoc creator/import/gnu/arm/5.4.1/bin/../lib/gcc/arm-none-eabi/5.4.1/../../../../arm-none-eabi/lib/armv7-m\libg_nano.a(lib_a-memset.o)
                              c:/program files (x86)/cypress/psoc creator/4.2/psoc creator/import/gnu/arm/5.4.1/bin/../lib/gcc/arm-none-eabi/5.4.1/../../../../arm-none-eabi/lib/armv7-m/crt0.o (memset)
c:/program files (x86)/cypress/psoc creator/4.2/psoc creator/import/gnu/arm/5.4.1/bin/../lib/gcc/arm-none-eabi/5.4.1/../../../../arm-none-eabi/lib/armv7-m\libg_nano.a(lib_a-nano-vfprintf_float.o)
                              (_printf_float)
c:/program files (x86)/cypress/psoc creator/4.2/psoc creator/import/gnu/arm/5.4.1/bin/../lib/gcc/arm-none-eabi/5.4.1/../../../../arm-none-eabi/lib/armv7-m\libg_nano.a(lib_a-nano-vfprintf_i.o)
                              c:/program files (x86)/cypress/psoc creator/4.2/psoc creator/import/gnu/arm/5.4.1/bin/../lib/gcc/arm-none-eabi/5.4.1/../../../../arm-none-eabi/lib/armv7-m\libg_nano.a(lib_a-nano-vfprintf_float.o) (_printf_common)
c:/program files (x86)/cypress/psoc creator/4.2/psoc creator/import/gnu/arm/5.4.1/bin/../lib/gcc/arm-none-eabi/5.4.1/../../../../arm-none-eabi/lib/armv7-m\libg_nano.a(lib_a-strlen.o)
                              c:/program files (x86)/cypress/psoc creator/4.2/psoc creator/import/gnu/arm/5.4.1/bin/../lib/gcc/arm-none-eabi/5.4.1/../../../../arm-none-eabi/lib/armv7-m\libg_nano.a(lib_a-nano-vfprintf_float.o) (strlen)
[...]
Memory Configuration

Name             Origin             Length             Attributes
rom              0x00000000         0x00040000         xr
ram              0x1fff8000         0x00010000         xrw
*default*        0x00000000         0xffffffff

Linker script and memory map

LOAD c:/program files (x86)/cypress/psoc creator/4.2/psoc creator/import/gnu/arm/5.4.1/bin/../lib/gcc/arm-none-eabi/5.4.1/armv7-m/crti.o
LOAD c:/program files (x86)/cypress/psoc creator/4.2/psoc creator/import/gnu/arm/5.4.1/bin/../lib/gcc/arm-none-eabi/5.4.1/armv7-m/crtbegin.o
LOAD c:/program files (x86)/cypress/psoc creator/4.2/psoc creator/import/gnu/arm/5.4.1/bin/../lib/gcc/arm-none-eabi/5.4.1/../../../../arm-none-eabi/lib/armv7-m/crt0.o
START GROUP
LOAD .\CortexM3\ARM_GCC_541\Debug\main.o
LOAD .\CortexM3\ARM_GCC_541\Debug\cyfitter_cfg.o
LOAD .\CortexM3\ARM_GCC_541\Debug\cymetadata.o
LOAD .\CortexM3\ARM_GCC_541\Debug\Cm3Start.o
LOAD .\CortexM3\ARM_GCC_541\Debug\SPI_Slave.a
LOAD C:\Program Files (x86)\Cypress\PSoC Creator\4.2\PSoC Creator\psoc\content\cycomponentlibrary\CyComponentLibrary.cylib\CortexM3\ARM_GCC_541\Debug\CyComponentLibrary.a
END GROUP
START GROUP
LOAD c:/program files (x86)/cypress/psoc creator/4.2/psoc creator/import/gnu/arm/5.4.1/bin/../lib/gcc/arm-none-eabi/5.4.1/armv7-m\libgcc.a
LOAD c:/program files (x86)/cypress/psoc creator/4.2/psoc creator/import/gnu/arm/5.4.1/bin/../lib/gcc/arm-none-eabi/5.4.1/../../../../arm-none-eabi/lib/armv7-m\libg_nano.a
LOAD c:/program files (x86)/cypress/psoc creator/4.2/psoc creator/import/gnu/arm/5.4.1/bin/../lib/gcc/arm-none-eabi/5.4.1/../../../../arm-none-eabi/lib/armv7-m\libc_nano.a
END GROUP
START GROUP
LOAD c:/program files (x86)/cypress/psoc creator/4.2/psoc creator/import/gnu/arm/5.4.1/bin/../lib/gcc/arm-none-eabi/5.4.1/armv7-m\libgcc.a
LOAD c:/program files (x86)/cypress/psoc creator/4.2/psoc creator/import/gnu/arm/5.4.1/bin/../lib/gcc/arm-none-eabi/5.4.1/../../../../arm-none-eabi/lib/armv7-m\libc_nano.a
END GROUP
LOAD c:/program files (x86)/cypress/psoc creator/4.2/psoc creator/import/gnu/arm/5.4.1/bin/../lib/gcc/arm-none-eabi/5.4.1/armv7-m/crtend.o
LOAD c:/program files (x86)/cypress/psoc creator/4.2/psoc creator/import/gnu/arm/5.4.1/bin/../lib/gcc/arm-none-eabi/5.4.1/armv7-m/crtn.o
START GROUP
LOAD c:/program files (x86)/cypress/psoc creator/4.2/psoc creator/import/gnu/arm/5.4.1/bin/../lib/gcc/arm-none-eabi/5.4.1/armv7-m\libgcc.a
LOAD c:/program files (x86)/cypress/psoc creator/4.2/psoc creator/import/gnu/arm/5.4.1/bin/../lib/gcc/arm-none-eabi/5.4.1/../../../../arm-none-eabi/lib/armv7-m\libc.a
LOAD c:/program files (x86)/cypress/psoc creator/4.2/psoc creator/import/gnu/arm/5.4.1/bin/../lib/gcc/arm-none-eabi/5.4.1/../../../../arm-none-eabi/lib/armv7-m\libnosys.a
END GROUP
                0x00000000                CY_APPL_ORIGIN = 0x0
                0x00000100                CY_FLASH_ROW_SIZE = 0x100
                0x00000020                CY_ECC_ROW_SIZE = 0x20
                0x00000000                CY_EE_IN_BTLDR = 0x0
                0x00000000                CY_APPL_LOADABLE = 0x0
                0x00000800                CY_EE_SIZE = 0x800
                0x00000001                CY_APPL_NUM = 0x1
                0x00000001                CY_APPL_MAX = 0x1
                0x00000040                CY_METADATA_SIZE = 0x40
                0x00000000                CY_APPL_LOADABLE = 0x0
                0x00000000                CY_CHECKSUM_EXCLUDE_SIZE = ALIGN (0x0, CY_FLASH_ROW_SIZE)
                [!provide]                PROVIDE (__cy_heap_start, _end)
                0x00000001                PROVIDE (__cy_region_num, ((__cy_regions_end - __cy_regions) / 0x10))
                0x20008000                PROVIDE (__cy_stack, (ORIGIN (ram) + LENGTH (ram)))
                [!provide]                PROVIDE (__cy_heap_end, (__cy_stack - 0x800))

.cybootloader   0x00000000        0x0
 *(.cybootloader)
                0x00000000                appl1_start = CY_APPL_ORIGIN?CY_APPL_ORIGIN:ALIGN (CY_FLASH_ROW_SIZE)
                0x0001ff00                appl2_start = (appl1_start + ALIGN ((((LENGTH (rom) - appl1_start) - (0x2 * CY_FLASH_ROW_SIZE)) / 0x2), CY_FLASH_ROW_SIZE))
                0x00000000                appl_start = (CY_APPL_NUM == 0x1)?appl1_start:appl2_start
                0x00000000                ecc_offset = ((appl_start / CY_FLASH_ROW_SIZE) * CY_ECC_ROW_SIZE)
                0x00000000                ee_offset = (CY_APPL_LOADABLE && ! (CY_EE_IN_BTLDR))?((CY_EE_SIZE / CY_APPL_MAX) * (CY_APPL_NUM - 0x1)):0x0
                0x00000800                ee_size = (CY_APPL_LOADABLE && ! (CY_EE_IN_BTLDR))?(CY_EE_SIZE / CY_APPL_MAX):CY_EE_SIZE
                [!provide]                PROVIDE (CY_ECC_OFFSET, ecc_offset)

.text           0x00000000     0x2a50
 CREATE_OBJECT_SYMBOLS
                0x00000000                PROVIDE (__cy_interrupt_vector, RomVectors)
 *(.romvectors)
 .romvectors    0x00000000       0x10 .\CortexM3\ARM_GCC_541\Debug\Cm3Start.o
                0x00000000                RomVectors
                0x00000001                ASSERT ((. != __cy_interrupt_vector), No interrupt vector)
                0x00000001                ASSERT (CY_APPL_ORIGIN?(SIZEOF (.cybootloader) <= CY_APPL_ORIGIN):0x1, Wrong image location)
                0x00000010                PROVIDE (__cy_reset, Reset)
 *(.text.Reset)
 .text.Reset    0x00000010       0x18 .\CortexM3\ARM_GCC_541\Debug\Cm3Start.o
                0x00000010                Reset
                0x00000001                ASSERT ((. != __cy_reset), No reset code)
 *(.dma_init)
                0x00000001                ASSERT ((((appl_start + .) <= 0x10000) || 0x1), DMA Init must be within the first 64k of flash)
 *(.text .text.* .gnu.linkonce.t.*)
 .text          0x00000028       0x5c c:/program files (x86)/cypress/psoc creator/4.2/psoc creator/import/gnu/arm/5.4.1/bin/../lib/gcc/arm-none-eabi/5.4.1/armv7-m/crtbegin.o
 .text.ISR_UART_rx_handler
                0x00000084       0x1c .\CortexM3\ARM_GCC_541\Debug\main.o
                0x00000084                ISR_UART_rx_handler
 .text.main     0x000000a0       0x68 .\CortexM3\ARM_GCC_541\Debug\main.o
                0x000000a0                main
 .text.CyClockStartupError
                0x00000108        0x4 .\CortexM3\ARM_GCC_541\Debug\cyfitter_cfg.o
 .text.cfg_write_bytes32
                0x0000010c       0x34 .\CortexM3\ARM_GCC_541\Debug\cyfitter_cfg.o
 .text.AnalogSetDefault
                0x00000140       0x28 .\CortexM3\ARM_GCC_541\Debug\cyfitter_cfg.o
 .text.CYMEMZERO
                0x00000168        0xc .\CortexM3\ARM_GCC_541\Debug\cyfitter_cfg.o
 .text.ClockSetup
                0x00000174       0xc8 .\CortexM3\ARM_GCC_541\Debug\cyfitter_cfg.o
 .text.CYCONFIGCPY
                0x0000023c        0x8 .\CortexM3\ARM_GCC_541\Debug\cyfitter_cfg.o
 .text.cyfitter_cfg
                0x00000244      0x130 .\CortexM3\ARM_GCC_541\Debug\cyfitter_cfg.o
                0x00000244                cyfitter_cfg
 .text.IntDefaultHandler
                0x00000374       0x10 .\CortexM3\ARM_GCC_541\Debug\Cm3Start.o
                0x00000374                IntDefaultHandler
 .text._sbrk    0x00000384       0x30 .\CortexM3\ARM_GCC_541\Debug\Cm3Start.o
                0x00000384                _sbrk
 .text.Start_c  0x000003b4       0x4c .\CortexM3\ARM_GCC_541\Debug\Cm3Start.o
                0x000003b4                Start_c
 .text.initialize_psoc
                0x00000400       0x68 .\CortexM3\ARM_GCC_541\Debug\Cm3Start.o
                0x00000400                initialize_psoc
 .text.UART_1_Init
                0x00000468       0x28 .\CortexM3\ARM_GCC_541\Debug\SPI_Slave.a(UART_1.o)
                0x00000468                UART_1_Init
 .text.UART_1_Enable
                0x00000490       0x38 .\CortexM3\ARM_GCC_541\Debug\SPI_Slave.a(UART_1.o)
                0x00000490                UART_1_Enable
 .text.UART_1_Start
                0x000004c8       0x1c .\CortexM3\ARM_GCC_541\Debug\SPI_Slave.a(UART_1.o)
                0x000004c8                UART_1_Start
 .text.UART_1_ReadRxData
                0x000004e4        0xc .\CortexM3\ARM_GCC_541\Debug\SPI_Slave.a(UART_1.o)
                0x000004e4                UART_1_ReadRxData
 .text.UART_1_GetRxBufferSize
                0x000004f0       0x18 .\CortexM3\ARM_GCC_541\Debug\SPI_Slave.a(UART_1.o)
                0x000004f0                UART_1_GetRxBufferSize
 .text.UART_1_WriteTxData
                0x00000508       0x14 .\CortexM3\ARM_GCC_541\Debug\SPI_Slave.a(UART_1.o)
                0x00000508                UART_1_WriteTxData
 .text.UART_1_PutChar
                0x0000051c       0x18 .\CortexM3\ARM_GCC_541\Debug\SPI_Slave.a(UART_1.o)
                0x0000051c                UART_1_PutChar
 .text.UART_1_PutString
                0x00000534       0x24 .\CortexM3\ARM_GCC_541\Debug\SPI_Slave.a(UART_1.o)
                0x00000534                UART_1_PutString
 .text.isr_uart_rx_SetVector
                0x00000558        0xc .\CortexM3\ARM_GCC_541\Debug\SPI_Slave.a(isr_uart_rx.o)
                0x00000558                isr_uart_rx_SetVector
 .text.isr_uart_rx_SetPriority
                0x00000564       0x10 .\CortexM3\ARM_GCC_541\Debug\SPI_Slave.a(isr_uart_rx.o)
                0x00000564                isr_uart_rx_SetPriority
 .text.isr_uart_rx_Enable
                0x00000574        0xc .\CortexM3\ARM_GCC_541\Debug\SPI_Slave.a(isr_uart_rx.o)
                0x00000574                isr_uart_rx_Enable
 .text.isr_uart_rx_Disable
                0x00000580        0xc .\CortexM3\ARM_GCC_541\Debug\SPI_Slave.a(isr_uart_rx.o)
                0x00000580                isr_uart_rx_Disable
 .text.isr_uart_rx_StartEx
                0x0000058c       0x1c .\CortexM3\ARM_GCC_541\Debug\SPI_Slave.a(isr_uart_rx.o)
                0x0000058c                isr_uart_rx_StartEx
 .text.UART_1_IntClock_Start
                0x000005a8       0x1c .\CortexM3\ARM_GCC_541\Debug\SPI_Slave.a(UART_1_IntClock.o)
                0x000005a8                UART_1_IntClock_Start
 .text.Pin_EN_Write
                0x000005c4       0x18 .\CortexM3\ARM_GCC_541\Debug\SPI_Slave.a(Pin_EN.o)
                0x000005c4                Pin_EN_Write
 .text.Pin_LN1_Read
                0x000005dc       0x10 .\CortexM3\ARM_GCC_541\Debug\SPI_Slave.a(Pin_LN1.o)
                0x000005dc                Pin_LN1_Read
 .text.SPIS_Enable
                0x000005ec       0x30 .\CortexM3\ARM_GCC_541\Debug\SPI_Slave.a(SPIS.o)
                0x000005ec                SPIS_Enable
 .text.SPIS_ReadTxStatus
                0x0000061c        0xc .\CortexM3\ARM_GCC_541\Debug\SPI_Slave.a(SPIS.o)
                0x0000061c                SPIS_ReadTxStatus
 .text.SPIS_ReadRxStatus
                0x00000628        0xc .\CortexM3\ARM_GCC_541\Debug\SPI_Slave.a(SPIS.o)
                0x00000628                SPIS_ReadRxStatus
 .text.SPIS_WriteTxData
                0x00000634       0x18 .\CortexM3\ARM_GCC_541\Debug\SPI_Slave.a(SPIS.o)
                0x00000634                SPIS_WriteTxData
 .text.SPIS_ReadRxData
                0x0000064c        0xc .\CortexM3\ARM_GCC_541\Debug\SPI_Slave.a(SPIS.o)
                0x0000064c                SPIS_ReadRxData
 .text.SPIS_ClearFIFO
                0x00000658       0x3c .\CortexM3\ARM_GCC_541\Debug\SPI_Slave.a(SPIS.o)
                0x00000658                SPIS_ClearFIFO
 .text.SPIS_Init
                0x00000694       0x2c .\CortexM3\ARM_GCC_541\Debug\SPI_Slave.a(SPIS.o)
                0x00000694                SPIS_Init
 .text.SPIS_Start
                0x000006c0       0x1c .\CortexM3\ARM_GCC_541\Debug\SPI_Slave.a(SPIS.o)
                0x000006c0                SPIS_Start
 *fill*         0x000006dc        0x4 
 .text          0x000006e0       0x20 .\CortexM3\ARM_GCC_541\Debug\SPI_Slave.a(CyBootAsmGnu.o)
                0x000006e0                CyDelayCycles
                0x000006f0                CyEnterCriticalSection
                0x000006f8                CyExitCriticalSection
 .text.__errno  0x00000700        0xc c:/program files (x86)/cypress/psoc creator/4.2/psoc creator/import/gnu/arm/5.4.1/bin/../lib/gcc/arm-none-eabi/5.4.1/../../../../arm-none-eabi/lib/armv7-m\libg_nano.a(lib_a-errno.o)
                0x00000700                __errno
 .text.__libc_init_array
                0x0000070c       0x4c c:/program files (x86)/cypress/psoc creator/4.2/psoc creator/import/gnu/arm/5.4.1/bin/../lib/gcc/arm-none-eabi/5.4.1/../../../../arm-none-eabi/lib/armv7-m\libg_nano.a(lib_a-init.o)
                0x0000070c                __libc_init_array
 .text.memcpy   0x00000758       0x16 c:/program files (x86)/cypress/psoc creator/4.2/psoc creator/import/gnu/arm/5.4.1/bin/../lib/gcc/arm-none-eabi/5.4.1/../../../../arm-none-eabi/lib/armv7-m\libg_nano.a(lib_a-memcpy-stub.o)
                0x00000758                memcpy
 .text.memset   0x0000076e       0x10 c:/program files (x86)/cypress/psoc creator/4.2/psoc creator/import/gnu/arm/5.4.1/bin/../lib/gcc/arm-none-eabi/5.4.1/../../../../arm-none-eabi/lib/armv7-m\libg_nano.a(lib_a-memset.o)
                0x0000076e                memset
 .text.__cvt    0x0000077e       0xc0 c:/program files (x86)/cypress/psoc creator/4.2/psoc creator/import/gnu/arm/5.4.1/bin/../lib/gcc/arm-none-eabi/5.4.1/../../../../arm-none-eabi/lib/armv7-m\libg_nano.a(lib_a-nano-vfprintf_float.o)
                0x0000077e                __cvt
 .text.__exponent
                0x0000083e       0x62 c:/program files (x86)/cypress/psoc creator/4.2/psoc creator/import/gnu/arm/5.4.1/bin/../lib/gcc/arm-none-eabi/5.4.1/../../../../arm-none-eabi/lib/armv7-m\libg_nano.a(lib_a-nano-vfprintf_float.o)
                0x0000083e                __exponent
 .text._printf_float
                0x000008a0      0x488 c:/program files (x86)/cypress/psoc creator/4.2/psoc creator/import/gnu/arm/5.4.1/bin/../lib/gcc/arm-none-eabi/5.4.1/../../../../arm-none-eabi/lib/armv7-m\libg_nano.a(lib_a-nano-vfprintf_float.o)
                0x000008a0                _printf_float
 .text._printf_common
                0x00000d28       0xec c:/program files (x86)/cypress/psoc creator/4.2/psoc creator/import/gnu/arm/5.4.1/bin/../lib/gcc/arm-none-eabi/5.4.1/../../../../arm-none-eabi/lib/armv7-m\libg_nano.a(lib_a-nano-vfprintf_i.o)
                0x00000d28                _printf_common
 .text          0x00000e14       0x10 c:/program files (x86)/cypress/psoc creator/4.2/psoc creator/import/gnu/arm/5.4.1/bin/../lib/gcc/arm-none-eabi/5.4.1/../../../../arm-none-eabi/lib/armv7-m\libg_nano.a(lib_a-strlen.o)
                0x00000e14                strlen
 .text.quorem   0x00000e24      0x116 c:/program files (x86)/cypress/psoc creator/4.2/psoc creator/import/gnu/arm/5.4.1/bin/../lib/gcc/arm-none-eabi/5.4.1/../../../../arm-none-eabi/lib/armv7-m\libg_nano.a(lib_a-dtoa.o)
 *fill*         0x00000f3a        0x6 
 .text._dtoa_r  0x00000f40      0xb30 c:/program files (x86)/cypress/psoc creator/4.2/psoc creator/import/gnu/arm/5.4.1/bin/../lib/gcc/arm-none-eabi/5.4.1/../../../../arm-none-eabi/lib/armv7-m\libg_nano.a(lib_a-dtoa.o)
                0x00000f40                _dtoa_r
 .text._localeconv_r
                0x00001a70        0x8 c:/program files (x86)/cypress/psoc creator/4.2/psoc creator/import/gnu/arm/5.4.1/bin/../lib/gcc/arm-none-eabi/5.4.1/../../../../arm-none-eabi/lib/armv7-m\libg_nano.a(lib_a-locale.o)
                0x00001a70                _localeconv_r
 .text.malloc   0x00001a78       0x10 c:/program files (x86)/cypress/psoc creator/4.2/psoc creator/import/gnu/arm/5.4.1/bin/../lib/gcc/arm-none-eabi/5.4.1/../../../../arm-none-eabi/lib/armv7-m\libg_nano.a(lib_a-malloc.o)
                0x00001a78                malloc
 .text._Balloc  0x00001a88       0x6a c:/program files (x86)/cypress/psoc creator/4.2/psoc creator/import/gnu/arm/5.4.1/bin/../lib/gcc/arm-none-eabi/5.4.1/../../../../arm-none-eabi/lib/armv7-m\libg_nano.a(lib_a-mprec.o)
                0x00001a88                _Balloc
 .text._Bfree   0x00001af2       0x2e c:/program files (x86)/cypress/psoc creator/4.2/psoc creator/import/gnu/arm/5.4.1/bin/../lib/gcc/arm-none-eabi/5.4.1/../../../../arm-none-eabi/lib/armv7-m\libg_nano.a(lib_a-mprec.o)
                0x00001af2                _Bfree
 .text.__multadd
                0x00001b20       0x76 c:/program files (x86)/cypress/psoc creator/4.2/psoc creator/import/gnu/arm/5.4.1/bin/../lib/gcc/arm-none-eabi/5.4.1/../../../../arm-none-eabi/lib/armv7-m\libg_nano.a(lib_a-mprec.o)
                0x00001b20                __multadd
 .text.__hi0bits
                0x00001b96       0x40 c:/program files (x86)/cypress/psoc creator/4.2/psoc creator/import/gnu/arm/5.4.1/bin/../lib/gcc/arm-none-eabi/5.4.1/../../../../arm-none-eabi/lib/armv7-m\libg_nano.a(lib_a-mprec.o)
                0x00001b96                __hi0bits
 .text.__lo0bits
                0x00001bd6       0x5a c:/program files (x86)/cypress/psoc creator/4.2/psoc creator/import/gnu/arm/5.4.1/bin/../lib/gcc/arm-none-eabi/5.4.1/../../../../arm-none-eabi/lib/armv7-m\libg_nano.a(lib_a-mprec.o)
                0x00001bd6                __lo0bits
 .text.__i2b    0x00001c30       0x12 c:/program files (x86)/cypress/psoc creator/4.2/psoc creator/import/gnu/arm/5.4.1/bin/../lib/gcc/arm-none-eabi/5.4.1/../../../../arm-none-eabi/lib/armv7-m\libg_nano.a(lib_a-mprec.o)
                0x00001c30                __i2b
 .text.__multiply
                0x00001c42      0x120 c:/program files (x86)/cypress/psoc creator/4.2/psoc creator/import/gnu/arm/5.4.1/bin/../lib/gcc/arm-none-eabi/5.4.1/../../../../arm-none-eabi/lib/armv7-m\libg_nano.a(lib_a-mprec.o)
                0x00001c42                __multiply
 *fill*         0x00001d62        0x2 
 .text.__pow5mult
                0x00001d64       0x9c c:/program files (x86)/cypress/psoc creator/4.2/psoc creator/import/gnu/arm/5.4.1/bin/../lib/gcc/arm-none-eabi/5.4.1/../../../../arm-none-eabi/lib/armv7-m\libg_nano.a(lib_a-mprec.o)
                0x00001d64                __pow5mult
 .text.__lshift
                0x00001e00       0xa2 c:/program files (x86)/cypress/psoc creator/4.2/psoc creator/import/gnu/arm/5.4.1/bin/../lib/gcc/arm-none-eabi/5.4.1/../../../../arm-none-eabi/lib/armv7-m\libg_nano.a(lib_a-mprec.o)
                0x00001e00                __lshift
 .text.__mcmp   0x00001ea2       0x38 c:/program files (x86)/cypress/psoc creator/4.2/psoc creator/import/gnu/arm/5.4.1/bin/../lib/gcc/arm-none-eabi/5.4.1/../../../../arm-none-eabi/lib/armv7-m\libg_nano.a(lib_a-mprec.o)
                0x00001ea2                __mcmp
 .text.__mdiff  0x00001eda       0xbe c:/program files (x86)/cypress/psoc creator/4.2/psoc creator/import/gnu/arm/5.4.1/bin/../lib/gcc/arm-none-eabi/5.4.1/../../../../arm-none-eabi/lib/armv7-m\libg_nano.a(lib_a-mprec.o)
                0x00001eda                __mdiff
 .text.__d2b    0x00001f98       0x9c c:/program files (x86)/cypress/psoc creator/4.2/psoc creator/import/gnu/arm/5.4.1/bin/../lib/gcc/arm-none-eabi/5.4.1/../../../../arm-none-eabi/lib/armv7-m\libg_nano.a(lib_a-mprec.o)
                0x00001f98                __d2b
 .text._calloc_r
                0x00002034       0x1c c:/program files (x86)/cypress/psoc creator/4.2/psoc creator/import/gnu/arm/5.4.1/bin/../lib/gcc/arm-none-eabi/5.4.1/../../../../arm-none-eabi/lib/armv7-m\libg_nano.a(lib_a-nano-callocr.o)
                0x00002034                _calloc_r
 .text._malloc_r
                0x00002050       0xbc c:/program files (x86)/cypress/psoc creator/4.2/psoc creator/import/gnu/arm/5.4.1/bin/../lib/gcc/arm-none-eabi/5.4.1/../../../../arm-none-eabi/lib/armv7-m\libg_nano.a(lib_a-nano-mallocr.o)
                0x00002050                _malloc_r
 .text._sbrk_r  0x0000210c       0x20 c:/program files (x86)/cypress/psoc creator/4.2/psoc creator/import/gnu/arm/5.4.1/bin/../lib/gcc/arm-none-eabi/5.4.1/../../../../arm-none-eabi/lib/armv7-m\libg_nano.a(lib_a-sbrkr.o)
                0x0000210c                _sbrk_r
 .text.__malloc_lock
                0x0000212c        0x2 c:/program files (x86)/cypress/psoc creator/4.2/psoc creator/import/gnu/arm/5.4.1/bin/../lib/gcc/arm-none-eabi/5.4.1/../../../../arm-none-eabi/lib/armv7-m\libg_nano.a(lib_a-mlock.o)
                0x0000212c                __malloc_lock
 .text.__malloc_unlock
                0x0000212e        0x2 c:/program files (x86)/cypress/psoc creator/4.2/psoc creator/import/gnu/arm/5.4.1/bin/../lib/gcc/arm-none-eabi/5.4.1/../../../../arm-none-eabi/lib/armv7-m\libg_nano.a(lib_a-mlock.o)
                0x0000212e                __malloc_unlock
 .text          0x00002130      0x370 c:/program files (x86)/cypress/psoc creator/4.2/psoc creator/import/gnu/arm/5.4.1/bin/../lib/gcc/arm-none-eabi/5.4.1/armv7-m\libgcc.a(_arm_addsubdf3.o)
                0x00002130                __aeabi_drsub
                0x00002138                __aeabi_dsub
                0x00002138                __subdf3
                0x0000213c                __aeabi_dadd
                0x0000213c                __adddf3
                0x000023b4                __floatunsidf
                0x000023b4                __aeabi_ui2d
                0x000023d4                __floatsidf
                0x000023d4                __aeabi_i2d
                0x000023f8                __aeabi_f2d
                0x000023f8                __extendsfdf2
                0x00002434                __floatundidf
                0x00002434                __aeabi_ul2d
                0x00002444                __floatdidf
                0x00002444                __aeabi_l2d
 .text          0x000024a0      0x424 c:/program files (x86)/cypress/psoc creator/4.2/psoc creator/import/gnu/arm/5.4.1/bin/../lib/gcc/arm-none-eabi/5.4.1/armv7-m\libgcc.a(_arm_muldivdf3.o)
                0x000024a0                __aeabi_dmul
                0x000024a0                __muldf3
                0x000026f4                __divdf3
                0x000026f4                __aeabi_ddiv
 .text          0x000028c4      0x110 c:/program files (x86)/cypress/psoc creator/4.2/psoc creator/import/gnu/arm/5.4.1/bin/../lib/gcc/arm-none-eabi/5.4.1/armv7-m\libgcc.a(_arm_cmpdf2.o)
                0x000028c4                __gtdf2
                0x000028c4                __gedf2
                0x000028cc                __ltdf2
                0x000028cc                __ledf2
                0x000028d4                __nedf2
                0x000028d4                __eqdf2
                0x000028d4                __cmpdf2
                0x00002950                __aeabi_cdrcmple
                0x00002960                __aeabi_cdcmpeq
                0x00002960                __aeabi_cdcmple
                0x00002970                __aeabi_dcmpeq
                0x00002984                __aeabi_dcmplt
                0x00002998                __aeabi_dcmple
                0x000029ac                __aeabi_dcmpge
                0x000029c0                __aeabi_dcmpgt
 .text          0x000029d4       0x2c c:/program files (x86)/cypress/psoc creator/4.2/psoc creator/import/gnu/arm/5.4.1/bin/../lib/gcc/arm-none-eabi/5.4.1/armv7-m\libgcc.a(_arm_unorddf2.o)
                0x000029d4                __unorddf2
                0x000029d4                __aeabi_dcmpun
 .text          0x00002a00       0x50 c:/program files (x86)/cypress/psoc creator/4.2/psoc creator/import/gnu/arm/5.4.1/bin/../lib/gcc/arm-none-eabi/5.4.1/armv7-m\libgcc.a(_arm_fixdfsi.o)
                0x00002a00                __aeabi_d2iz
                0x00002a00                __fixdfsi
 *(.plt)
 *(.gnu.warning)
 *(.glue_7t)
 .glue_7t       0x00002a50        0x0 linker stubs
 *(.glue_7)
 .glue_7        0x00002a50        0x0 linker stubs
 *(.vfp11_veneer)
 .vfp11_veneer  0x00002a50        0x0 linker stubs
 *(.bootloader)
 *(.ARM.extab* .gnu.linkonce.armextab.*)
 *(.gcc_except_table)

.v4_bx          0x00002a50        0x0
 .v4_bx         0x00002a50        0x0 linker stubs

.iplt           0x00002a50        0x0
 .iplt          0x00002a50        0x0 c:/program files (x86)/cypress/psoc creator/4.2/psoc creator/import/gnu/arm/5.4.1/bin/../lib/gcc/arm-none-eabi/5.4.1/armv7-m/crtbegin.o

.eh_frame_hdr
 *(.eh_frame_hdr)

.eh_frame       0x00002a50        0x4
 *(.eh_frame)
 .eh_frame      0x00002a50        0x0 c:/program files (x86)/cypress/psoc creator/4.2/psoc creator/import/gnu/arm/5.4.1/bin/../lib/gcc/arm-none-eabi/5.4.1/armv7-m/crtbegin.o
 .eh_frame      0x00002a50        0x4 c:/program files (x86)/cypress/psoc creator/4.2/psoc creator/import/gnu/arm/5.4.1/bin/../lib/gcc/arm-none-eabi/5.4.1/armv7-m/crtend.o
                [!provide]                PROVIDE (__exidx_start, .)

.ARM.exidx
 *(.ARM.exidx* .gnu.linkonce.armexidx.*)
                0x00002a54                __exidx_end = .

.rodata         0x00002a58      0x1b0
 *(.rodata .rodata.* .gnu.linkonce.r.*)
 .rodata.str1.4
                0x00002a58        0x4 .\CortexM3\ARM_GCC_541\Debug\main.o
                                  0x3 (size before relaxing)
 .rodata        0x00002a5c       0x44 .\CortexM3\ARM_GCC_541\Debug\cyfitter_cfg.o
 .rodata.str1.1
                0x00002aa0        0x2 c:/program files (x86)/cypress/psoc creator/4.2/psoc creator/import/gnu/arm/5.4.1/bin/../lib/gcc/arm-none-eabi/5.4.1/../../../../arm-none-eabi/lib/armv7-m\libg_nano.a(lib_a-impure.o)
 .rodata.str1.1
                0x00002aa2       0x12 c:/program files (x86)/cypress/psoc creator/4.2/psoc creator/import/gnu/arm/5.4.1/bin/../lib/gcc/arm-none-eabi/5.4.1/../../../../arm-none-eabi/lib/armv7-m\libg_nano.a(lib_a-nano-vfprintf_float.o)
 .rodata.str1.1
                0x00002ab4        0xd c:/program files (x86)/cypress/psoc creator/4.2/psoc creator/import/gnu/arm/5.4.1/bin/../lib/gcc/arm-none-eabi/5.4.1/../../../../arm-none-eabi/lib/armv7-m\libg_nano.a(lib_a-dtoa.o)
                                  0xf (size before relaxing)
 .rodata.str1.1
                0x00002ac1        0x8 c:/program files (x86)/cypress/psoc creator/4.2/psoc creator/import/gnu/arm/5.4.1/bin/../lib/gcc/arm-none-eabi/5.4.1/../../../../arm-none-eabi/lib/armv7-m\libg_nano.a(lib_a-locale.o)
                                  0xb (size before relaxing)
 *fill*         0x00002ac9        0x7 
 .rodata.__mprec_tens
                0x00002ad0       0xc8 c:/program files (x86)/cypress/psoc creator/4.2/psoc creator/import/gnu/arm/5.4.1/bin/../lib/gcc/arm-none-eabi/5.4.1/../../../../arm-none-eabi/lib/armv7-m\libg_nano.a(lib_a-mprec.o)
                0x00002ad0                __mprec_tens
 .rodata.p05.5408
                0x00002b98        0xc c:/program files (x86)/cypress/psoc creator/4.2/psoc creator/import/gnu/arm/5.4.1/bin/../lib/gcc/arm-none-eabi/5.4.1/../../../../arm-none-eabi/lib/armv7-m\libg_nano.a(lib_a-mprec.o)
 *fill*         0x00002ba4        0x4 
 .rodata.__mprec_bigtens
                0x00002ba8       0x28 c:/program files (x86)/cypress/psoc creator/4.2/psoc creator/import/gnu/arm/5.4.1/bin/../lib/gcc/arm-none-eabi/5.4.1/../../../../arm-none-eabi/lib/armv7-m\libg_nano.a(lib_a-mprec.o)
                0x00002ba8                __mprec_bigtens
                0x00002bd0                . = ALIGN (0x4)
 *(.init)
 .init          0x00002bd0        0x4 c:/program files (x86)/cypress/psoc creator/4.2/psoc creator/import/gnu/arm/5.4.1/bin/../lib/gcc/arm-none-eabi/5.4.1/armv7-m/crti.o
                0x00002bd0                _init
 .init          0x00002bd4        0x8 c:/program files (x86)/cypress/psoc creator/4.2/psoc creator/import/gnu/arm/5.4.1/bin/../lib/gcc/arm-none-eabi/5.4.1/armv7-m/crtn.o
                0x00002bdc                . = ALIGN (0x4)
                0x00002bdc                __preinit_array_start = .
 *(.preinit_array)
                0x00002bdc                __preinit_array_end = .
                0x00002bdc                . = ALIGN (0x4)
                0x00002bdc                __init_array_start = .
 *(SORT(.init_array.*))
 *(.init_array)
 .init_array    0x00002bdc        0x4 c:/program files (x86)/cypress/psoc creator/4.2/psoc creator/import/gnu/arm/5.4.1/bin/../lib/gcc/arm-none-eabi/5.4.1/armv7-m/crtbegin.o
 .init_array    0x00002be0        0x4 .\CortexM3\ARM_GCC_541\Debug\Cm3Start.o
                0x00002be4                __init_array_end = .
                0x00002be4                . = ALIGN (0x4)
 *(.fini)
 .fini          0x00002be4        0x4 c:/program files (x86)/cypress/psoc creator/4.2/psoc creator/import/gnu/arm/5.4.1/bin/../lib/gcc/arm-none-eabi/5.4.1/armv7-m/crti.o
                0x00002be4                _fini
 .fini          0x00002be8        0x8 c:/program files (x86)/cypress/psoc creator/4.2/psoc creator/import/gnu/arm/5.4.1/bin/../lib/gcc/arm-none-eabi/5.4.1/armv7-m/crtn.o
                0x00002bf0                . = ALIGN (0x4)
                0x00002bf0                __fini_array_start = .
 *(.fini_array)
 .fini_array    0x00002bf0        0x4 c:/program files (x86)/cypress/psoc creator/4.2/psoc creator/import/gnu/arm/5.4.1/bin/../lib/gcc/arm-none-eabi/5.4.1/armv7-m/crtbegin.o
 *(SORT(.fini_array.*))
                0x00002bf4                __fini_array_end = .
                0x00002bf4                . = ALIGN (0x4)
 *crtbegin.o(.ctors)
 *(EXCLUDE_FILE(*crtend.o) .ctors)
 *(SORT(.ctors.*))
 *crtend.o(.ctors)
                0x00002bf4                . = ALIGN (0x4)
 *crtbegin.o(.dtors)
 *(EXCLUDE_FILE(*crtend.o) .dtors)
 *(SORT(.dtors.*))
 *crtend.o(.dtors)
                0x00002bf4                . = ALIGN (0x4)
                0x00002bf4                __cy_regions = .
                0x00002bf4        0x4 LONG 0x2c08 __cy_region_init_ram
                0x00002bf8        0x4 LONG 0x1fff80c8 __cy_region_start_data
                0x00002bfc        0x4 LONG 0xa8 __cy_region_init_size_ram
                0x00002c00        0x4 LONG 0x30 __cy_region_zero_size_ram
                0x00002c04                __cy_regions_end = .
                0x00002c08                . = ALIGN (0x8)
 *fill*         0x00002c04        0x4 
                0x00002c08                _etext = .

.cy_checksum_exclude
                0x00002c08        0x0
 *(.cy_checksum_exclude)

.ramvectors     0x1fff8000       0xc0
                0x1fff8000                __cy_region_start_ram = .
 *(.ramvectors)
 .ramvectors    0x1fff8000       0xc0 .\CortexM3\ARM_GCC_541\Debug\Cm3Start.o
                0x1fff8000                CyRamVectors

.noinit         0x1fff80c0        0x1
 *(.noinit)
 .noinit        0x1fff80c0        0x1 .\CortexM3\ARM_GCC_541\Debug\SPI_Slave.a(CyLib.o)
                0x1fff80c0                CyResetStatus

.data           0x1fff80c8       0xa8 load address 0x00002c08
                0x1fff80c8                __cy_region_start_data = .
 *(.jcr)
 .jcr           0x1fff80c8        0x0 c:/program files (x86)/cypress/psoc creator/4.2/psoc creator/import/gnu/arm/5.4.1/bin/../lib/gcc/arm-none-eabi/5.4.1/armv7-m/crtbegin.o
 .jcr           0x1fff80c8        0x4 c:/program files (x86)/cypress/psoc creator/4.2/psoc creator/import/gnu/arm/5.4.1/bin/../lib/gcc/arm-none-eabi/5.4.1/armv7-m/crtend.o
 *(.got.plt)
 *(.got)
 *(.shdata)
 *(.data .data.* .gnu.linkonce.d.*)
 .data          0x1fff80cc        0x4 .\CortexM3\ARM_GCC_541\Debug\Cm3Start.o
 .data.impure_data
                0x1fff80d0       0x60 c:/program files (x86)/cypress/psoc creator/4.2/psoc creator/import/gnu/arm/5.4.1/bin/../lib/gcc/arm-none-eabi/5.4.1/../../../../arm-none-eabi/lib/armv7-m\libg_nano.a(lib_a-impure.o)
 .data._impure_ptr
                0x1fff8130        0x4 c:/program files (x86)/cypress/psoc creator/4.2/psoc creator/import/gnu/arm/5.4.1/bin/../lib/gcc/arm-none-eabi/5.4.1/../../../../arm-none-eabi/lib/armv7-m\libg_nano.a(lib_a-impure.o)
                0x1fff8130                _impure_ptr
 .data.lconv    0x1fff8134       0x38 c:/program files (x86)/cypress/psoc creator/4.2/psoc creator/import/gnu/arm/5.4.1/bin/../lib/gcc/arm-none-eabi/5.4.1/../../../../arm-none-eabi/lib/armv7-m\libg_nano.a(lib_a-locale.o)
                0x1fff8170                . = ALIGN (0x8)
 *fill*         0x1fff816c        0x4 
 *(.ram)
                0x1fff8170                _edata = .

.igot.plt       0x1fff8170        0x0 load address 0x00002cb0
 .igot.plt      0x1fff8170        0x0 c:/program files (x86)/cypress/psoc creator/4.2/psoc creator/import/gnu/arm/5.4.1/bin/../lib/gcc/arm-none-eabi/5.4.1/armv7-m/crtbegin.o

.bss            0x1fff8170       0x30 load address 0x00002cb0
                0x1fff8170                PROVIDE (__bss_start__, .)
 *(.shbss)
 *(.bss .bss.* .gnu.linkonce.b.*)
 .bss           0x1fff8170       0x1c c:/program files (x86)/cypress/psoc creator/4.2/psoc creator/import/gnu/arm/5.4.1/bin/../lib/gcc/arm-none-eabi/5.4.1/armv7-m/crtbegin.o
 .bss           0x1fff818c        0x2 .\CortexM3\ARM_GCC_541\Debug\SPI_Slave.a(UART_1.o)
                0x1fff818c                UART_1_initVar
 .bss           0x1fff818e        0x1 .\CortexM3\ARM_GCC_541\Debug\SPI_Slave.a(SPIS.o)
                0x1fff818e                SPIS_initVar
 *fill*         0x1fff818f        0x1 
 .bss.__malloc_sbrk_start
                0x1fff8190        0x4 c:/program files (x86)/cypress/psoc creator/4.2/psoc creator/import/gnu/arm/5.4.1/bin/../lib/gcc/arm-none-eabi/5.4.1/../../../../arm-none-eabi/lib/armv7-m\libg_nano.a(lib_a-nano-mallocr.o)
                0x1fff8190                __malloc_sbrk_start
 .bss.__malloc_free_list
                0x1fff8194        0x4 c:/program files (x86)/cypress/psoc creator/4.2/psoc creator/import/gnu/arm/5.4.1/bin/../lib/gcc/arm-none-eabi/5.4.1/../../../../arm-none-eabi/lib/armv7-m\libg_nano.a(lib_a-nano-mallocr.o)
                0x1fff8194                __malloc_free_list
 *(COMMON)
 COMMON         0x1fff8198        0x4 c:/program files (x86)/cypress/psoc creator/4.2/psoc creator/import/gnu/arm/5.4.1/bin/../lib/gcc/arm-none-eabi/5.4.1/../../../../arm-none-eabi/lib/armv7-m\libg_nano.a(lib_a-reent.o)
                0x1fff8198                errno
                0x1fff81a0                . = ALIGN (0x8)
 *fill*         0x1fff819c        0x4 
 *(.ram.b)
                0x1fff81a0                _end = .
                0x1fff81a0                __end = .
                0x1fff81a0                PROVIDE (end, .)
                0x1fff81a0                PROVIDE (__bss_end__, .)
                0x00002c08                __cy_region_init_ram = LOADADDR (.data)
                0x000000a8                __cy_region_init_size_ram = (_edata - ADDR (.data))
                0x00000030                __cy_region_zero_size_ram = (_end - _edata)

.heap           0x1fff81a0      0x200 load address 0x00002cb0
                0x1fff81a0                . = _end
                0x1fff83a0                . = (. + 0x200)
 *fill*         0x1fff81a0      0x200 
                0x1fff83a0                __cy_heap_limit = .

.stack          0x20007800      0x800
                0x20007800                __cy_stack_limit = .
                0x20008000                . = (. + 0x800)
 *fill*         0x20007800      0x800 
                0x00000001                ASSERT ((__cy_stack_limit >= __cy_heap_limit), region RAM overflowed with stack)
                0x00000000                cy_checksum_exclude_size = (CY_APPL_LOADABLE == 0x1)?SIZEOF (.cy_checksum_exclude):0x0
                0x00000001                ASSERT ((cy_checksum_exclude_size <= CY_CHECKSUM_EXCLUDE_SIZE), CY_BOOT: Section .cy_checksum_exclude size exceedes specified limit.)

.cyloadermeta
 *(.cyloadermeta)

.cyloadablemeta
 *(.cyloadablemeta)

.cyconfigecc    0x80000000      0x56c
 *(.cyconfigecc)
 .cyconfigecc   0x80000000      0x56c .\CortexM3\ARM_GCC_541\Debug\cymetadata.o
                0x80000000                cy_meta_configecc

.cycustnvl      0x90000000        0x4
 *(.cycustnvl)
 .cycustnvl     0x90000000        0x4 .\CortexM3\ARM_GCC_541\Debug\cymetadata.o
                0x90000000                cy_meta_custnvl

.cywolatch      0x90100000        0x4
 *(.cywolatch)
 .cywolatch     0x90100000        0x4 .\CortexM3\ARM_GCC_541\Debug\cymetadata.o
                0x90100000                cy_meta_wonvl

.cyeeprom       0x90200000        0x0
 *(.cyeeprom)
                0x00000001                ASSERT ((. <= ((0x90200000 + ee_offset) + ee_size)), .cyeeprom data will not fit in EEPROM)

.cyflashprotect
                0x90400000      0x100
 *(.cyflashprotect)
 .cyflashprotect
                0x90400000      0x100 .\CortexM3\ARM_GCC_541\Debug\cymetadata.o
                0x90400000                cy_meta_flashprotect

.cymeta         0x90500000        0xc
 *(.cymeta)
 .cymeta        0x90500000        0xc .\CortexM3\ARM_GCC_541\Debug\cymetadata.o
                0x90500000                cy_metadata

.rel.dyn        0x00002cb0        0x0 load address 0x9050000c
 .rel.iplt      0x00002cb0        0x0 c:/program files (x86)/cypress/psoc creator/4.2/psoc creator/import/gnu/arm/5.4.1/bin/../lib/gcc/arm-none-eabi/5.4.1/armv7-m/crtbegin.o

.stab
 *(.stab)

.stabstr
 *(.stabstr)

.debug
 *(.debug)

.line
 *(.line)

.debug_srcinfo
 *(.debug_srcinfo)

.debug_sfnames
 *(.debug_sfnames)

.debug_aranges  0x00000000      0x868
 *(.debug_aranges)
 .debug_aranges
                0x00000000       0x30 .\CortexM3\ARM_GCC_541\Debug\main.o
 .debug_aranges
                0x00000030       0x58 .\CortexM3\ARM_GCC_541\Debug\cyfitter_cfg.o
 .debug_aranges
                0x00000088       0x18 .\CortexM3\ARM_GCC_541\Debug\cymetadata.o
 .debug_aranges
                0x000000a0       0x48 .\CortexM3\ARM_GCC_541\Debug\Cm3Start.o
 .debug_aranges
                0x000000e8       0xf0 .\CortexM3\ARM_GCC_541\Debug\SPI_Slave.a(UART_1.o)
 .debug_aranges
                0x000001d8       0x80 .\CortexM3\ARM_GCC_541\Debug\SPI_Slave.a(isr_uart_rx.o)
 .debug_aranges
                0x00000258       0x70 .\CortexM3\ARM_GCC_541\Debug\SPI_Slave.a(UART_1_IntClock.o)
 .debug_aranges
                0x000002c8      0x2a0 .\CortexM3\ARM_GCC_541\Debug\SPI_Slave.a(CyLib.o)
 .debug_aranges
                0x00000568       0x98 .\CortexM3\ARM_GCC_541\Debug\SPI_Slave.a(cyPm.o)
 .debug_aranges
                0x00000600       0x38 .\CortexM3\ARM_GCC_541\Debug\SPI_Slave.a(Pin_EN.o)
 .debug_aranges
                0x00000638       0x38 .\CortexM3\ARM_GCC_541\Debug\SPI_Slave.a(Pin_LN1.o)
 .debug_aranges
                0x00000670       0xe0 .\CortexM3\ARM_GCC_541\Debug\SPI_Slave.a(SPIS.o)
 .debug_aranges
                0x00000750       0x20 .\CortexM3\ARM_GCC_541\Debug\SPI_Slave.a(CyBootAsmGnu.o)
 .debug_aranges
                0x00000770       0x80 .\CortexM3\ARM_GCC_541\Debug\SPI_Slave.a(CyFlash.o)
 .debug_aranges
                0x000007f0       0x78 .\CortexM3\ARM_GCC_541\Debug\SPI_Slave.a(CySpc.o)

.debug_pubnames
 *(.debug_pubnames)

.debug_info     0x00000000     0x48bb
 *(.debug_info .gnu.linkonce.wi.*)
 .debug_info    0x00000000      0x2eb .\CortexM3\ARM_GCC_541\Debug\main.o
 .debug_info    0x000002eb      0x5de .\CortexM3\ARM_GCC_541\Debug\cyfitter_cfg.o
 .debug_info    0x000008c9      0x136 .\CortexM3\ARM_GCC_541\Debug\cymetadata.o
 .debug_info    0x000009ff      0x3b5 .\CortexM3\ARM_GCC_541\Debug\Cm3Start.o
 .debug_info    0x00000db4      0x60c .\CortexM3\ARM_GCC_541\Debug\SPI_Slave.a(UART_1.o)
 .debug_info    0x000013c0      0x2d2 .\CortexM3\ARM_GCC_541\Debug\SPI_Slave.a(isr_uart_rx.o)
 .debug_info    0x00001692      0x283 .\CortexM3\ARM_GCC_541\Debug\SPI_Slave.a(UART_1_IntClock.o)
 .debug_info    0x00001915     0x1374 .\CortexM3\ARM_GCC_541\Debug\SPI_Slave.a(CyLib.o)
 .debug_info    0x00002c89      0xa1d .\CortexM3\ARM_GCC_541\Debug\SPI_Slave.a(cyPm.o)
 .debug_info    0x000036a6      0x11f .\CortexM3\ARM_GCC_541\Debug\SPI_Slave.a(Pin_EN.o)
 .debug_info    0x000037c5      0x11f .\CortexM3\ARM_GCC_541\Debug\SPI_Slave.a(Pin_LN1.o)
 .debug_info    0x000038e4      0x4b9 .\CortexM3\ARM_GCC_541\Debug\SPI_Slave.a(SPIS.o)
 .debug_info    0x00003d9d       0x7d .\CortexM3\ARM_GCC_541\Debug\SPI_Slave.a(CyBootAsmGnu.o)
 .debug_info    0x00003e1a      0x5b8 .\CortexM3\ARM_GCC_541\Debug\SPI_Slave.a(CyFlash.o)
 .debug_info    0x000043d2      0x4e9 .\CortexM3\ARM_GCC_541\Debug\SPI_Slave.a(CySpc.o)

.debug_abbrev   0x00000000     0x1330
 *(.debug_abbrev)
 .debug_abbrev  0x00000000       0xfe .\CortexM3\ARM_GCC_541\Debug\main.o
 .debug_abbrev  0x000000fe      0x20d .\CortexM3\ARM_GCC_541\Debug\cyfitter_cfg.o
 .debug_abbrev  0x0000030b       0x77 .\CortexM3\ARM_GCC_541\Debug\cymetadata.o
 .debug_abbrev  0x00000382      0x1e8 .\CortexM3\ARM_GCC_541\Debug\Cm3Start.o
 .debug_abbrev  0x0000056a      0x175 .\CortexM3\ARM_GCC_541\Debug\SPI_Slave.a(UART_1.o)
 .debug_abbrev  0x000006df      0x173 .\CortexM3\ARM_GCC_541\Debug\SPI_Slave.a(isr_uart_rx.o)
 .debug_abbrev  0x00000852      0x139 .\CortexM3\ARM_GCC_541\Debug\SPI_Slave.a(UART_1_IntClock.o)
 .debug_abbrev  0x0000098b      0x254 .\CortexM3\ARM_GCC_541\Debug\SPI_Slave.a(CyLib.o)
 .debug_abbrev  0x00000bdf      0x1ab .\CortexM3\ARM_GCC_541\Debug\SPI_Slave.a(cyPm.o)
 .debug_abbrev  0x00000d8a       0x90 .\CortexM3\ARM_GCC_541\Debug\SPI_Slave.a(Pin_EN.o)
 .debug_abbrev  0x00000e1a       0x90 .\CortexM3\ARM_GCC_541\Debug\SPI_Slave.a(Pin_LN1.o)
 .debug_abbrev  0x00000eaa      0x146 .\CortexM3\ARM_GCC_541\Debug\SPI_Slave.a(SPIS.o)
 .debug_abbrev  0x00000ff0       0x14 .\CortexM3\ARM_GCC_541\Debug\SPI_Slave.a(CyBootAsmGnu.o)
 .debug_abbrev  0x00001004      0x198 .\CortexM3\ARM_GCC_541\Debug\SPI_Slave.a(CyFlash.o)
 .debug_abbrev  0x0000119c      0x194 .\CortexM3\ARM_GCC_541\Debug\SPI_Slave.a(CySpc.o)

.debug_line     0x00000000     0x203a
 *(.debug_line)
 .debug_line    0x00000000      0x1e9 .\CortexM3\ARM_GCC_541\Debug\main.o
 .debug_line    0x000001e9      0x1f7 .\CortexM3\ARM_GCC_541\Debug\cyfitter_cfg.o
 .debug_line    0x000003e0      0x141 .\CortexM3\ARM_GCC_541\Debug\cymetadata.o
 .debug_line    0x00000521      0x234 .\CortexM3\ARM_GCC_541\Debug\Cm3Start.o
 .debug_line    0x00000755      0x2c0 .\CortexM3\ARM_GCC_541\Debug\SPI_Slave.a(UART_1.o)
 .debug_line    0x00000a15      0x138 .\CortexM3\ARM_GCC_541\Debug\SPI_Slave.a(isr_uart_rx.o)
 .debug_line    0x00000b4d      0x17e .\CortexM3\ARM_GCC_541\Debug\SPI_Slave.a(UART_1_IntClock.o)
 .debug_line    0x00000ccb      0x816 .\CortexM3\ARM_GCC_541\Debug\SPI_Slave.a(CyLib.o)
 .debug_line    0x000014e1      0x364 .\CortexM3\ARM_GCC_541\Debug\SPI_Slave.a(cyPm.o)
 .debug_line    0x00001845       0x93 .\CortexM3\ARM_GCC_541\Debug\SPI_Slave.a(Pin_EN.o)
 .debug_line    0x000018d8       0x94 .\CortexM3\ARM_GCC_541\Debug\SPI_Slave.a(Pin_LN1.o)
 .debug_line    0x0000196c      0x243 .\CortexM3\ARM_GCC_541\Debug\SPI_Slave.a(SPIS.o)
 .debug_line    0x00001baf       0x66 .\CortexM3\ARM_GCC_541\Debug\SPI_Slave.a(CyBootAsmGnu.o)
 .debug_line    0x00001c15      0x1e9 .\CortexM3\ARM_GCC_541\Debug\SPI_Slave.a(CyFlash.o)
 .debug_line    0x00001dfe      0x23c .\CortexM3\ARM_GCC_541\Debug\SPI_Slave.a(CySpc.o)

.debug_frame    0x00000000     0x1b64
 *(.debug_frame)
 .debug_frame   0x00000000       0x58 .\CortexM3\ARM_GCC_541\Debug\main.o
 .debug_frame   0x00000058       0xe4 .\CortexM3\ARM_GCC_541\Debug\cyfitter_cfg.o
 .debug_frame   0x0000013c       0xb8 .\CortexM3\ARM_GCC_541\Debug\Cm3Start.o
 .debug_frame   0x000001f4      0x250 .\CortexM3\ARM_GCC_541\Debug\SPI_Slave.a(UART_1.o)
 .debug_frame   0x00000444      0x104 .\CortexM3\ARM_GCC_541\Debug\SPI_Slave.a(isr_uart_rx.o)
 .debug_frame   0x00000548       0xe0 .\CortexM3\ARM_GCC_541\Debug\SPI_Slave.a(UART_1_IntClock.o)
 .debug_frame   0x00000628      0x738 .\CortexM3\ARM_GCC_541\Debug\SPI_Slave.a(CyLib.o)
 .debug_frame   0x00000d60      0x1f8 .\CortexM3\ARM_GCC_541\Debug\SPI_Slave.a(cyPm.o)
 .debug_frame   0x00000f58       0x50 .\CortexM3\ARM_GCC_541\Debug\SPI_Slave.a(Pin_EN.o)
 .debug_frame   0x00000fa8       0x50 .\CortexM3\ARM_GCC_541\Debug\SPI_Slave.a(Pin_LN1.o)
 .debug_frame   0x00000ff8      0x1f8 .\CortexM3\ARM_GCC_541\Debug\SPI_Slave.a(SPIS.o)
 .debug_frame   0x000011f0      0x174 .\CortexM3\ARM_GCC_541\Debug\SPI_Slave.a(CyFlash.o)
 .debug_frame   0x00001364      0x160 .\CortexM3\ARM_GCC_541\Debug\SPI_Slave.a(CySpc.o)
 .debug_frame   0x000014c4       0x20 c:/program files (x86)/cypress/psoc creator/4.2/psoc creator/import/gnu/arm/5.4.1/bin/../lib/gcc/arm-none-eabi/5.4.1/../../../../arm-none-eabi/lib/armv7-m\libg_nano.a(lib_a-errno.o)
 .debug_frame   0x000014e4       0x28 c:/program files (x86)/cypress/psoc creator/4.2/psoc creator/import/gnu/arm/5.4.1/bin/../lib/gcc/arm-none-eabi/5.4.1/../../../../arm-none-eabi/lib/armv7-m\libg_nano.a(lib_a-exit.o)
 .debug_frame   0x0000150c       0x2c c:/program files (x86)/cypress/psoc creator/4.2/psoc creator/import/gnu/arm/5.4.1/bin/../lib/gcc/arm-none-eabi/5.4.1/../../../../arm-none-eabi/lib/armv7-m\libg_nano.a(lib_a-init.o)
 .debug_frame   0x00001538       0x28 c:/program files (x86)/cypress/psoc creator/4.2/psoc creator/import/gnu/arm/5.4.1/bin/../lib/gcc/arm-none-eabi/5.4.1/../../../../arm-none-eabi/lib/armv7-m\libg_nano.a(lib_a-memcpy-stub.o)
 .debug_frame   0x00001560       0x20 c:/program files (x86)/cypress/psoc creator/4.2/psoc creator/import/gnu/arm/5.4.1/bin/../lib/gcc/arm-none-eabi/5.4.1/../../../../arm-none-eabi/lib/armv7-m\libg_nano.a(lib_a-memset.o)
 .debug_frame   0x00001580       0x8c c:/program files (x86)/cypress/psoc creator/4.2/psoc creator/import/gnu/arm/5.4.1/bin/../lib/gcc/arm-none-eabi/5.4.1/../../../../arm-none-eabi/lib/armv7-m\libg_nano.a(lib_a-nano-vfprintf_float.o)
 .debug_frame   0x0000160c       0x60 c:/program files (x86)/cypress/psoc creator/4.2/psoc creator/import/gnu/arm/5.4.1/bin/../lib/gcc/arm-none-eabi/5.4.1/../../../../arm-none-eabi/lib/armv7-m\libg_nano.a(lib_a-nano-vfprintf_i.o)
 .debug_frame   0x0000166c       0x6c c:/program files (x86)/cypress/psoc creator/4.2/psoc creator/import/gnu/arm/5.4.1/bin/../lib/gcc/arm-none-eabi/5.4.1/../../../../arm-none-eabi/lib/armv7-m\libg_nano.a(lib_a-dtoa.o)
 .debug_frame   0x000016d8       0x98 c:/program files (x86)/cypress/psoc creator/4.2/psoc creator/import/gnu/arm/5.4.1/bin/../lib/gcc/arm-none-eabi/5.4.1/../../../../arm-none-eabi/lib/armv7-m\libg_nano.a(lib_a-locale.o)
 .debug_frame   0x00001770       0x30 c:/program files (x86)/cypress/psoc creator/4.2/psoc creator/import/gnu/arm/5.4.1/bin/../lib/gcc/arm-none-eabi/5.4.1/../../../../arm-none-eabi/lib/armv7-m\libg_nano.a(lib_a-malloc.o)
 .debug_frame   0x000017a0       0x28 c:/program files (x86)/cypress/psoc creator/4.2/psoc creator/import/gnu/arm/5.4.1/bin/../lib/gcc/arm-none-eabi/5.4.1/../../../../arm-none-eabi/lib/armv7-m\libg_nano.a(lib_a-memchr-stub.o)
 .debug_frame   0x000017c8      0x234 c:/program files (x86)/cypress/psoc creator/4.2/psoc creator/import/gnu/arm/5.4.1/bin/../lib/gcc/arm-none-eabi/5.4.1/../../../../arm-none-eabi/lib/armv7-m\libg_nano.a(lib_a-mprec.o)
 .debug_frame   0x000019fc       0x2c c:/program files (x86)/cypress/psoc creator/4.2/psoc creator/import/gnu/arm/5.4.1/bin/../lib/gcc/arm-none-eabi/5.4.1/../../../../arm-none-eabi/lib/armv7-m\libg_nano.a(lib_a-nano-callocr.o)
 .debug_frame   0x00001a28       0x38 c:/program files (x86)/cypress/psoc creator/4.2/psoc creator/import/gnu/arm/5.4.1/bin/../lib/gcc/arm-none-eabi/5.4.1/../../../../arm-none-eabi/lib/armv7-m\libg_nano.a(lib_a-nano-freer.o)
 .debug_frame   0x00001a60       0x2c c:/program files (x86)/cypress/psoc creator/4.2/psoc creator/import/gnu/arm/5.4.1/bin/../lib/gcc/arm-none-eabi/5.4.1/../../../../arm-none-eabi/lib/armv7-m\libg_nano.a(lib_a-nano-mallocr.o)
 .debug_frame   0x00001a8c       0x2c c:/program files (x86)/cypress/psoc creator/4.2/psoc creator/import/gnu/arm/5.4.1/bin/../lib/gcc/arm-none-eabi/5.4.1/../../../../arm-none-eabi/lib/armv7-m\libg_nano.a(lib_a-sbrkr.o)
 .debug_frame   0x00001ab8       0x20 c:/program files (x86)/cypress/psoc creator/4.2/psoc creator/import/gnu/arm/5.4.1/bin/../lib/gcc/arm-none-eabi/5.4.1/../../../../arm-none-eabi/lib/armv7-m\libg_nano.a(lib_a-strcmp.o)
 .debug_frame   0x00001ad8       0x30 c:/program files (x86)/cypress/psoc creator/4.2/psoc creator/import/gnu/arm/5.4.1/bin/../lib/gcc/arm-none-eabi/5.4.1/../../../../arm-none-eabi/lib/armv7-m\libg_nano.a(lib_a-mlock.o)
 .debug_frame   0x00001b08       0x5c c:/program files (x86)/cypress/psoc creator/4.2/psoc creator/import/gnu/arm/5.4.1/bin/../lib/gcc/arm-none-eabi/5.4.1/../../../../arm-none-eabi/lib/armv7-m\libg_nano.a(lib_a-reent.o)

.debug_str      0x00000000     0x1b84
 *(.debug_str)
 .debug_str     0x00000000      0x282 .\CortexM3\ARM_GCC_541\Debug\main.o
                                0x2d7 (size before relaxing)
 .debug_str     0x00000282      0x1bc .\CortexM3\ARM_GCC_541\Debug\cyfitter_cfg.o
                                0x337 (size before relaxing)
 .debug_str     0x0000043e       0x75 .\CortexM3\ARM_GCC_541\Debug\cymetadata.o
                                0x1d1 (size before relaxing)
 .debug_str     0x000004b3      0x13e .\CortexM3\ARM_GCC_541\Debug\Cm3Start.o
                                0x2f7 (size before relaxing)
 .debug_str     0x000005f1      0x2a9 .\CortexM3\ARM_GCC_541\Debug\SPI_Slave.a(UART_1.o)
                                0x4a0 (size before relaxing)
 .debug_str     0x0000089a      0x13e .\CortexM3\ARM_GCC_541\Debug\SPI_Slave.a(isr_uart_rx.o)
                                0x2e7 (size before relaxing)
 .debug_str     0x000009d8      0x19d .\CortexM3\ARM_GCC_541\Debug\SPI_Slave.a(UART_1_IntClock.o)
                                0x33b (size before relaxing)
 .debug_str     0x00000b75      0x809 .\CortexM3\ARM_GCC_541\Debug\SPI_Slave.a(CyLib.o)
                                0xa34 (size before relaxing)
 .debug_str     0x0000137e      0x359 .\CortexM3\ARM_GCC_541\Debug\SPI_Slave.a(cyPm.o)
                                0x714 (size before relaxing)
 .debug_str     0x000016d7       0x5e .\CortexM3\ARM_GCC_541\Debug\SPI_Slave.a(Pin_EN.o)
                                0x1d4 (size before relaxing)
 .debug_str     0x00001735       0x58 .\CortexM3\ARM_GCC_541\Debug\SPI_Slave.a(Pin_LN1.o)
                                0x1d9 (size before relaxing)
 .debug_str     0x0000178d      0x1b6 .\CortexM3\ARM_GCC_541\Debug\SPI_Slave.a(SPIS.o)
                                0x3f2 (size before relaxing)
 .debug_str     0x00001943      0x195 .\CortexM3\ARM_GCC_541\Debug\SPI_Slave.a(CyFlash.o)
                                0x38e (size before relaxing)
 .debug_str     0x00001ad8       0xac .\CortexM3\ARM_GCC_541\Debug\SPI_Slave.a(CySpc.o)
                                0x317 (size before relaxing)

.debug_loc      0x00000000     0x1e9c
 *(.debug_loc)
 .debug_loc     0x00000000       0x4f .\CortexM3\ARM_GCC_541\Debug\main.o
 .debug_loc     0x0000004f      0x288 .\CortexM3\ARM_GCC_541\Debug\cyfitter_cfg.o
 .debug_loc     0x000002d7      0x144 .\CortexM3\ARM_GCC_541\Debug\Cm3Start.o
 .debug_loc     0x0000041b      0x258 .\CortexM3\ARM_GCC_541\Debug\SPI_Slave.a(UART_1.o)
 .debug_loc     0x00000673       0x56 .\CortexM3\ARM_GCC_541\Debug\SPI_Slave.a(isr_uart_rx.o)
 .debug_loc     0x000006c9      0x128 .\CortexM3\ARM_GCC_541\Debug\SPI_Slave.a(UART_1_IntClock.o)
 .debug_loc     0x000007f1      0xa11 .\CortexM3\ARM_GCC_541\Debug\SPI_Slave.a(CyLib.o)
 .debug_loc     0x00001202      0x1e4 .\CortexM3\ARM_GCC_541\Debug\SPI_Slave.a(cyPm.o)
 .debug_loc     0x000013e6       0x42 .\CortexM3\ARM_GCC_541\Debug\SPI_Slave.a(Pin_EN.o)
 .debug_loc     0x00001428       0x42 .\CortexM3\ARM_GCC_541\Debug\SPI_Slave.a(Pin_LN1.o)
 .debug_loc     0x0000146a       0xf3 .\CortexM3\ARM_GCC_541\Debug\SPI_Slave.a(SPIS.o)
 .debug_loc     0x0000155d      0x2f2 .\CortexM3\ARM_GCC_541\Debug\SPI_Slave.a(CyFlash.o)
 .debug_loc     0x0000184f      0x64d .\CortexM3\ARM_GCC_541\Debug\SPI_Slave.a(CySpc.o)

.debug_macinfo
 *(.debug_macinfo)

.debug_ranges   0x00000000      0x760
 *(.debug_ranges)
 .debug_ranges  0x00000000       0x20 .\CortexM3\ARM_GCC_541\Debug\main.o
 .debug_ranges  0x00000020       0x48 .\CortexM3\ARM_GCC_541\Debug\cyfitter_cfg.o
 .debug_ranges  0x00000068       0x38 .\CortexM3\ARM_GCC_541\Debug\Cm3Start.o
 .debug_ranges  0x000000a0       0xe0 .\CortexM3\ARM_GCC_541\Debug\SPI_Slave.a(UART_1.o)
 .debug_ranges  0x00000180       0x70 .\CortexM3\ARM_GCC_541\Debug\SPI_Slave.a(isr_uart_rx.o)
 .debug_ranges  0x000001f0       0x60 .\CortexM3\ARM_GCC_541\Debug\SPI_Slave.a(UART_1_IntClock.o)
 .debug_ranges  0x00000250      0x290 .\CortexM3\ARM_GCC_541\Debug\SPI_Slave.a(CyLib.o)
 .debug_ranges  0x000004e0       0x88 .\CortexM3\ARM_GCC_541\Debug\SPI_Slave.a(cyPm.o)
 .debug_ranges  0x00000568       0x28 .\CortexM3\ARM_GCC_541\Debug\SPI_Slave.a(Pin_EN.o)
 .debug_ranges  0x00000590       0x28 .\CortexM3\ARM_GCC_541\Debug\SPI_Slave.a(Pin_LN1.o)
 .debug_ranges  0x000005b8       0xd0 .\CortexM3\ARM_GCC_541\Debug\SPI_Slave.a(SPIS.o)
 .debug_ranges  0x00000688       0x70 .\CortexM3\ARM_GCC_541\Debug\SPI_Slave.a(CyFlash.o)
 .debug_ranges  0x000006f8       0x68 .\CortexM3\ARM_GCC_541\Debug\SPI_Slave.a(CySpc.o)

.comment        0x00000000       0x6e
 .comment       0x00000000       0x6e .\CortexM3\ARM_GCC_541\Debug\main.o
                                 0x6f (size before relaxing)
 .comment       0x0000006e       0x6f .\CortexM3\ARM_GCC_541\Debug\cyfitter_cfg.o
 .comment       0x0000006e       0x6f .\CortexM3\ARM_GCC_541\Debug\cymetadata.o
 .comment       0x0000006e       0x6f .\CortexM3\ARM_GCC_541\Debug\Cm3Start.o
 .comment       0x0000006e       0x6f .\CortexM3\ARM_GCC_541\Debug\SPI_Slave.a(UART_1.o)
 .comment       0x0000006e       0x6f .\CortexM3\ARM_GCC_541\Debug\SPI_Slave.a(isr_uart_rx.o)
 .comment       0x0000006e       0x6f .\CortexM3\ARM_GCC_541\Debug\SPI_Slave.a(UART_1_IntClock.o)
 .comment       0x0000006e       0x6f .\CortexM3\ARM_GCC_541\Debug\SPI_Slave.a(CyLib.o)
 .comment       0x0000006e       0x6f .\CortexM3\ARM_GCC_541\Debug\SPI_Slave.a(cyPm.o)
 .comment       0x0000006e       0x6f .\CortexM3\ARM_GCC_541\Debug\SPI_Slave.a(Pin_EN.o)
 .comment       0x0000006e       0x6f .\CortexM3\ARM_GCC_541\Debug\SPI_Slave.a(Pin_LN1.o)
 .comment       0x0000006e       0x6f .\CortexM3\ARM_GCC_541\Debug\SPI_Slave.a(SPIS.o)
 .comment       0x0000006e       0x6f .\CortexM3\ARM_GCC_541\Debug\SPI_Slave.a(CyFlash.o)
 .comment       0x0000006e       0x6f .\CortexM3\ARM_GCC_541\Debug\SPI_Slave.a(CySpc.o)

.debug_weaknames
 *(.debug_weaknames)

.debug_funcnames
 *(.debug_funcnames)

.debug_typenames
 *(.debug_typenames)

.debug_varnames
 *(.debug_varnames)

.note.gnu.arm.ident
 *(.note.gnu.arm.ident)

.ARM.attributes
                0x00000000       0x29
 *(.ARM.attributes)
 .ARM.attributes
                0x00000000       0x1d c:/program files (x86)/cypress/psoc creator/4.2/psoc creator/import/gnu/arm/5.4.1/bin/../lib/gcc/arm-none-eabi/5.4.1/armv7-m/crti.o
 .ARM.attributes
                0x0000001d       0x2d c:/program files (x86)/cypress/psoc creator/4.2/psoc creator/import/gnu/arm/5.4.1/bin/../lib/gcc/arm-none-eabi/5.4.1/armv7-m/crtbegin.o
 .ARM.attributes
                0x0000004a       0x1b c:/program files (x86)/cypress/psoc creator/4.2/psoc creator/import/gnu/arm/5.4.1/bin/../lib/gcc/arm-none-eabi/5.4.1/../../../../arm-none-eabi/lib/armv7-m/crt0.o
 .ARM.attributes
                0x00000065       0x33 .\CortexM3\ARM_GCC_541\Debug\main.o
 .ARM.attributes
                0x00000098       0x33 .\CortexM3\ARM_GCC_541\Debug\cyfitter_cfg.o
 .ARM.attributes
                0x000000cb       0x33 .\CortexM3\ARM_GCC_541\Debug\cymetadata.o
 .ARM.attributes
                0x000000fe       0x33 .\CortexM3\ARM_GCC_541\Debug\Cm3Start.o
 .ARM.attributes
                0x00000131       0x33 .\CortexM3\ARM_GCC_541\Debug\SPI_Slave.a(UART_1.o)
 .ARM.attributes
                0x00000164       0x33 .\CortexM3\ARM_GCC_541\Debug\SPI_Slave.a(isr_uart_rx.o)
 .ARM.attributes
                0x00000197       0x33 .\CortexM3\ARM_GCC_541\Debug\SPI_Slave.a(UART_1_IntClock.o)
 .ARM.attributes
                0x000001ca       0x33 .\CortexM3\ARM_GCC_541\Debug\SPI_Slave.a(CyLib.o)
 .ARM.attributes
                0x000001fd       0x33 .\CortexM3\ARM_GCC_541\Debug\SPI_Slave.a(cyPm.o)
 .ARM.attributes
                0x00000230       0x33 .\CortexM3\ARM_GCC_541\Debug\SPI_Slave.a(Pin_EN.o)
 .ARM.attributes
                0x00000263       0x33 .\CortexM3\ARM_GCC_541\Debug\SPI_Slave.a(Pin_LN1.o)
 .ARM.attributes
                0x00000296       0x33 .\CortexM3\ARM_GCC_541\Debug\SPI_Slave.a(SPIS.o)
 .ARM.attributes
                0x000002c9       0x21 .\CortexM3\ARM_GCC_541\Debug\SPI_Slave.a(CyBootAsmGnu.o)
 .ARM.attributes
                0x000002ea       0x33 .\CortexM3\ARM_GCC_541\Debug\SPI_Slave.a(CyFlash.o)
 .ARM.attributes
                0x0000031d       0x33 .\CortexM3\ARM_GCC_541\Debug\SPI_Slave.a(CySpc.o)
 .ARM.attributes
                0x00000350       0x2d c:/program files (x86)/cypress/psoc creator/4.2/psoc creator/import/gnu/arm/5.4.1/bin/../lib/gcc/arm-none-eabi/5.4.1/../../../../arm-none-eabi/lib/armv7-m\libg_nano.a(lib_a-errno.o)
 .ARM.attributes
                0x0000037d       0x2d c:/program files (x86)/cypress/psoc creator/4.2/psoc creator/import/gnu/arm/5.4.1/bin/../lib/gcc/arm-none-eabi/5.4.1/../../../../arm-none-eabi/lib/armv7-m\libg_nano.a(lib_a-exit.o)
 .ARM.attributes
                0x000003aa       0x2d c:/program files (x86)/cypress/psoc creator/4.2/psoc creator/import/gnu/arm/5.4.1/bin/../lib/gcc/arm-none-eabi/5.4.1/../../../../arm-none-eabi/lib/armv7-m\libg_nano.a(lib_a-impure.o)
 .ARM.attributes
                0x000003d7       0x2d c:/program files (x86)/cypress/psoc creator/4.2/psoc creator/import/gnu/arm/5.4.1/bin/../lib/gcc/arm-none-eabi/5.4.1/../../../../arm-none-eabi/lib/armv7-m\libg_nano.a(lib_a-init.o)
 .ARM.attributes
                0x00000404       0x2d c:/program files (x86)/cypress/psoc creator/4.2/psoc creator/import/gnu/arm/5.4.1/bin/../lib/gcc/arm-none-eabi/5.4.1/../../../../arm-none-eabi/lib/armv7-m\libg_nano.a(lib_a-memcpy-stub.o)
 .ARM.attributes
                0x00000431       0x2d c:/program files (x86)/cypress/psoc creator/4.2/psoc creator/import/gnu/arm/5.4.1/bin/../lib/gcc/arm-none-eabi/5.4.1/../../../../arm-none-eabi/lib/armv7-m\libg_nano.a(lib_a-memset.o)
 .ARM.attributes
                0x0000045e       0x2d c:/program files (x86)/cypress/psoc creator/4.2/psoc creator/import/gnu/arm/5.4.1/bin/../lib/gcc/arm-none-eabi/5.4.1/../../../../arm-none-eabi/lib/armv7-m\libg_nano.a(lib_a-nano-vfprintf_float.o)
 .ARM.attributes
                0x0000048b       0x2d c:/program files (x86)/cypress/psoc creator/4.2/psoc creator/import/gnu/arm/5.4.1/bin/../lib/gcc/arm-none-eabi/5.4.1/../../../../arm-none-eabi/lib/armv7-m\libg_nano.a(lib_a-nano-vfprintf_i.o)
 .ARM.attributes
                0x000004b8       0x17 c:/program files (x86)/cypress/psoc creator/4.2/psoc creator/import/gnu/arm/5.4.1/bin/../lib/gcc/arm-none-eabi/5.4.1/../../../../arm-none-eabi/lib/armv7-m\libg_nano.a(lib_a-strlen.o)
 .ARM.attributes
                0x000004cf       0x2d c:/program files (x86)/cypress/psoc creator/4.2/psoc creator/import/gnu/arm/5.4.1/bin/../lib/gcc/arm-none-eabi/5.4.1/../../../../arm-none-eabi/lib/armv7-m\libg_nano.a(lib_a-dtoa.o)
 .ARM.attributes
                0x000004fc       0x2d c:/program files (x86)/cypress/psoc creator/4.2/psoc creator/import/gnu/arm/5.4.1/bin/../lib/gcc/arm-none-eabi/5.4.1/../../../../arm-none-eabi/lib/armv7-m\libg_nano.a(lib_a-locale.o)
 .ARM.attributes
                0x00000529       0x2d c:/program files (x86)/cypress/psoc creator/4.2/psoc creator/import/gnu/arm/5.4.1/bin/../lib/gcc/arm-none-eabi/5.4.1/../../../../arm-none-eabi/lib/armv7-m\libg_nano.a(lib_a-malloc.o)
 .ARM.attributes
                0x00000556       0x2d c:/program files (x86)/cypress/psoc creator/4.2/psoc creator/import/gnu/arm/5.4.1/bin/../lib/gcc/arm-none-eabi/5.4.1/../../../../arm-none-eabi/lib/armv7-m\libg_nano.a(lib_a-memchr-stub.o)
 .ARM.attributes
                0x00000583       0x2d c:/program files (x86)/cypress/psoc creator/4.2/psoc creator/import/gnu/arm/5.4.1/bin/../lib/gcc/arm-none-eabi/5.4.1/../../../../arm-none-eabi/lib/armv7-m\libg_nano.a(lib_a-mprec.o)
 .ARM.attributes
                0x000005b0       0x2d c:/program files (x86)/cypress/psoc creator/4.2/psoc creator/import/gnu/arm/5.4.1/bin/../lib/gcc/arm-none-eabi/5.4.1/../../../../arm-none-eabi/lib/armv7-m\libg_nano.a(lib_a-nano-callocr.o)
 .ARM.attributes
                0x000005dd       0x2d c:/program files (x86)/cypress/psoc creator/4.2/psoc creator/import/gnu/arm/5.4.1/bin/../lib/gcc/arm-none-eabi/5.4.1/../../../../arm-none-eabi/lib/armv7-m\libg_nano.a(lib_a-nano-freer.o)
 .ARM.attributes
                0x0000060a       0x2d c:/program files (x86)/cypress/psoc creator/4.2/psoc creator/import/gnu/arm/5.4.1/bin/../lib/gcc/arm-none-eabi/5.4.1/../../../../arm-none-eabi/lib/armv7-m\libg_nano.a(lib_a-nano-mallocr.o)
 .ARM.attributes
                0x00000637       0x2d c:/program files (x86)/cypress/psoc creator/4.2/psoc creator/import/gnu/arm/5.4.1/bin/../lib/gcc/arm-none-eabi/5.4.1/../../../../arm-none-eabi/lib/armv7-m\libg_nano.a(lib_a-sbrkr.o)
 .ARM.attributes
                0x00000664       0x1b c:/program files (x86)/cypress/psoc creator/4.2/psoc creator/import/gnu/arm/5.4.1/bin/../lib/gcc/arm-none-eabi/5.4.1/../../../../arm-none-eabi/lib/armv7-m\libg_nano.a(lib_a-strcmp.o)
 .ARM.attributes
                0x0000067f       0x2d c:/program files (x86)/cypress/psoc creator/4.2/psoc creator/import/gnu/arm/5.4.1/bin/../lib/gcc/arm-none-eabi/5.4.1/../../../../arm-none-eabi/lib/armv7-m\libg_nano.a(lib_a-mlock.o)
 .ARM.attributes
                0x000006ac       0x2d c:/program files (x86)/cypress/psoc creator/4.2/psoc creator/import/gnu/arm/5.4.1/bin/../lib/gcc/arm-none-eabi/5.4.1/../../../../arm-none-eabi/lib/armv7-m\libg_nano.a(lib_a-reent.o)
 .ARM.attributes
                0x000006d9       0x1d c:/program files (x86)/cypress/psoc creator/4.2/psoc creator/import/gnu/arm/5.4.1/bin/../lib/gcc/arm-none-eabi/5.4.1/armv7-m\libgcc.a(_arm_addsubdf3.o)
 .ARM.attributes
                0x000006f6       0x1d c:/program files (x86)/cypress/psoc creator/4.2/psoc creator/import/gnu/arm/5.4.1/bin/../lib/gcc/arm-none-eabi/5.4.1/armv7-m\libgcc.a(_arm_muldivdf3.o)
 .ARM.attributes
                0x00000713       0x1d c:/program files (x86)/cypress/psoc creator/4.2/psoc creator/import/gnu/arm/5.4.1/bin/../lib/gcc/arm-none-eabi/5.4.1/armv7-m\libgcc.a(_arm_cmpdf2.o)
 .ARM.attributes
                0x00000730       0x1d c:/program files (x86)/cypress/psoc creator/4.2/psoc creator/import/gnu/arm/5.4.1/bin/../lib/gcc/arm-none-eabi/5.4.1/armv7-m\libgcc.a(_arm_unorddf2.o)
 .ARM.attributes
                0x0000074d       0x1d c:/program files (x86)/cypress/psoc creator/4.2/psoc creator/import/gnu/arm/5.4.1/bin/../lib/gcc/arm-none-eabi/5.4.1/armv7-m\libgcc.a(_arm_fixdfsi.o)
 .ARM.attributes
                0x0000076a       0x2d c:/program files (x86)/cypress/psoc creator/4.2/psoc creator/import/gnu/arm/5.4.1/bin/../lib/gcc/arm-none-eabi/5.4.1/armv7-m/crtend.o
 .ARM.attributes
                0x00000797       0x1d c:/program files (x86)/cypress/psoc creator/4.2/psoc creator/import/gnu/arm/5.4.1/bin/../lib/gcc/arm-none-eabi/5.4.1/armv7-m/crtn.o

/DISCARD/
 *(.note.GNU-stack)
OUTPUT(C:\3. semester\GFV\SPI - Slave\SPI_Slave.cydsn\CortexM3\ARM_GCC_541\Debug\SPI_Slave.elf elf32-littlearm)
